<!DOCTYPE html>
<html lang="en">
<head>
</head>
<body>
    <script src="3af123fd-app.min.js"></script>
</body>
</html>
