<!DOCTYPE html>
<html lang="en">
<head>
</head>
<body>
    <a href="/">foo</a>
</body>
</html>
