<!DOCTYPE html>
<html lang="en">
<head>
</head>
<body>
    <script>
foo();
    </script>
</body>
</html>
