<!DOCTYPE html>
<html lang="en">
<head>
    <meta name="logo" content="cat.4890123.jpg" />
</head>
<body>
</body>
</html>
