<!DOCTYPE html>
<html lang="en">
<head>
</head>
<body>
    <img src="/cat.4890123.jpg" />
</body>
</html>
