<!DOCTYPE html>
<html lang="en">
<head>
</head>
<body>
    <video src="video-3ff6123f.mp4" poster="cat.4890123.jpg" />
</body>
</html>
