<!DOCTYPE html>
<html lang="en">
<head>
</head>
<body>
    <a href="cat.4890123.jpg">Picture of a Cat</a>
</body>
</html>
