<!DOCTYPE html>
<html lang="en">
<head>
    <link rel="stylesheet" href="style-afed1234.css">
</head>
<body>
</body>
</html>
